python : .F
En línea: 1 Carácter: 
1
+ python verify_backup
_restore.py > 
test_output.txt 2>&1
+ ~~~~~~~~~~~~~~~~~~~~
~~~~~~~~~~~~~~~~~~~~~~
~~~~~~~~~~~~
    + CategoryInfo    
          : NotSpeci  
  fied: (.F:String)   
  [], RemoteExcept    
ion
    + FullyQualifiedE 
   rrorId : NativeCo  
  mmandError
 
======================
======================
======================
====
FAIL: test_json_backup
_restore (__main__.Tes
tBackupRestore.test_js
on_backup_restore)
----------------------
----------------------
----------------------
----
Traceback (most 
recent call last):
  File "C:\Users\pecha
\OneDrive\Escritorio\s
olucion a el canguro s
istema\verify_backup_r
estore.py", line 64, 
in test_json_backup_re
store
    self.assertEqual(r
ow['value'], 
'test_value')
    ~~~~~~~~~~~~~~~~^^
^^^^^^^^^^^^^^^^^^^^^^
^^^^
AssertionError: 
'modified' != 
'test_value'
- modified
+ test_value


----------------------
----------------------
----------------------
----
Ran 2 tests in 0.666s

FAILED (failures=1)
Loading Local Database (SQLite)...
Base de datos inicializada correctamente.

Testing Excel Backup & Restore...
Excel backup created: C:\Users\pecha\OneDrive\Escritorio\solucion a el canguro sistema\backups\local\backup_test_2025-12-14_17-49-37.xlsx
Created Excel backup: C:\Users\pecha\OneDrive\Escritorio\solucion a el canguro sistema\backups\local\backup_test_2025-12-14_17-49-37.xlsx
Restoring from backup_test_2025-12-14_17-49-37.xlsx...
Restored from Excel: C:\Users\pecha\OneDrive\Escritorio\solucion a el canguro sistema\backups\local\backup_test_2025-12-14_17-49-37.xlsx
Excel Restore Verified.
Base de datos inicializada correctamente.

Testing JSON Backup & Restore...
Created JSON backup: backup_test_2025-12-14_17-23-09.json
Error backing up table users: 'bool' object is not callable
Error backing up table settings: 'bool' object is not callable
Local backup created: C:\Users\pecha\OneDrive\Escritorio\solucion a el canguro sistema\backups\local\backup_test_2025-12-14_17-49-37.json
Cloud backup created: C:\Users\pecha\OneDrive\Escritorio\solucion a el canguro sistema\backups\cloud\backup_test_2025-12-14_17-49-37.json
Restoring from backup_test_2025-12-14_17-23-09.json...
Restored from JSON: C:\Users\pecha\OneDrive\Escritorio\solucion a el canguro sistema\backups\local\backup_test_2025-12-14_17-23-09.json
